01:46:55 **** Build of configuration Debug for project test_code ****
cmake --build Debug 
[ 20%] Building ASM object CMakeFiles/test_code.dir/Startup/startup_stm32f103rbtx.s.obj
[ 40%] Building C object CMakeFiles/test_code.dir/Sources/main.c.obj
[ 60%] Building C object CMakeFiles/test_code.dir/Sources/syscalls.c.obj
[ 80%] Building C object CMakeFiles/test_code.dir/Sources/sysmem.c.obj
[100%] Linking C executable test_code.elf
   text	   data	    bss	    dec	    hex	filename
    564	      0	   1568	   2132	    854	/home/henrikpreber/Documents/STM/test_code/Debug/test_code.elf
[100%] Built target test_code

01:46:56 Build Finished. 0 errors, 0 warnings. (took 768ms)

